// Jest Snapshot v1, https://goo.gl/fbAQLP

exports[`test common utils test get text node 1`] = `
Array [
  Object {
    "position": Object {
      "end": Object {
        "column": 5,
        "line": 1,
        "offset": 4,
      },
      "start": Object {
        "column": 1,
        "line": 1,
        "offset": 0,
      },
    },
    "type": "text",
    "value": "这就是 ",
  },
  Object {
    "position": Object {
      "end": Object {
        "column": 10,
        "line": 1,
        "offset": 9,
      },
      "start": Object {
        "column": 7,
        "line": 1,
        "offset": 6,
      },
    },
    "type": "text",
    "value": "删除线",
  },
  Object {
    "position": Object {
      "end": Object {
        "column": 13,
        "line": 1,
        "offset": 12,
      },
      "start": Object {
        "column": 12,
        "line": 1,
        "offset": 11,
      },
    },
    "type": "text",
    "value": " ",
  },
  Object {
    "position": Object {
      "end": Object {
        "column": 33,
        "line": 1,
        "offset": 32,
      },
      "start": Object {
        "column": 32,
        "line": 1,
        "offset": 31,
      },
    },
    "type": "text",
    "value": " ",
  },
  Object {
    "position": Object {
      "end": Object {
        "column": 38,
        "line": 1,
        "offset": 37,
      },
      "start": Object {
        "column": 35,
        "line": 1,
        "offset": 34,
      },
    },
    "type": "text",
    "value": "啦啦啦",
  },
  Object {
    "position": Object {
      "end": Object {
        "column": 53,
        "line": 1,
        "offset": 52,
      },
      "start": Object {
        "column": 47,
        "line": 1,
        "offset": 46,
      },
    },
    "type": "text",
    "value": "123123",
  },
  Object {
    "position": Object {
      "end": Object {
        "column": 56,
        "line": 1,
        "offset": 55,
      },
      "start": Object {
        "column": 55,
        "line": 1,
        "offset": 54,
      },
    },
    "type": "text",
    "value": "!",
  },
  Object {
    "position": Object {
      "end": Object {
        "column": 63,
        "line": 1,
        "offset": 62,
      },
      "start": Object {
        "column": 59,
        "line": 1,
        "offset": 58,
      },
    },
    "type": "text",
    "value": "测试测试",
  },
  Object {
    "position": Object {
      "end": Object {
        "column": 74,
        "line": 1,
        "offset": 73,
      },
      "start": Object {
        "column": 73,
        "line": 1,
        "offset": 72,
      },
    },
    "type": "text",
    "value": " ",
  },
  Object {
    "position": Object {
      "end": Object {
        "column": 86,
        "line": 1,
        "offset": 85,
      },
      "start": Object {
        "column": 75,
        "line": 1,
        "offset": 74,
      },
    },
    "type": "text",
    "value": "123123123!!",
  },
]
`;
